exports[`main fixtures processes component "component_1.js" without errors 1`] = `
Object {
  "description": "The is a component to test the document generation",
  "displayName": "Component",
  "methods": Array []
}
`;

exports[`main fixtures processes component "component_2.js" without errors 1`] = `
Object {
  "description": "",
  "displayName": "button",
  "methods": Array [
    Object {
      "docblock": null,
      "modifiers": Array [
        "static"
      ],
      "name": "displayName",
      "params": Array [],
      "returns": null
    },
    Object {
      "docblock": null,
      "modifiers": Array [
        "static"
      ],
      "name": "defaultProps",
      "params": Array [],
      "returns": null
    }
  ],
  "props": Object {
    "type": Object {
      "defaultValue": Object {
        "computed": false,
        "value": "\"primary\""
      }
    }
  }
}
`;

exports[`main fixtures processes component "component_3.js" without errors 1`] = `
Object {
  "description": "",
  "methods": Array [],
  "props": Object {
    "style": Object {
      "description": "",
      "required": false,
      "type": Object {
        "name": "object"
      }
    }
  }
}
`;
