// Jest Snapshot v1, https://goo.gl/fbAQLP

exports[`resolveGenericTypeAnnotation resolves type 1`] = `
Node {
  "callProperties": Array [],
  "exact": false,
  "indexers": Array [],
  "inexact": false,
  "internalSlots": Array [],
  "properties": Array [
    Node {
      "key": Node {
        "name": "x",
        "type": "Identifier",
      },
      "kind": "init",
      "method": false,
      "optional": false,
      "proto": false,
      "static": false,
      "type": "ObjectTypeProperty",
      "value": Node {
        "type": "StringTypeAnnotation",
      },
      "variance": null,
    },
  ],
  "type": "ObjectTypeAnnotation",
}
`;
